CGC#	Gene Type	Contig ID	Protein ID	Gene Start	Gene Stop	Direction	Protein Family
CGC1	TF	contig1	prot1_0	1000	1900	-	LacI
CGC1	TC	contig1	prot1_1	2200	3100	+	3.A.1.1.10
CGC1	TC	contig1	prot1_2	3400	4300	-	3.A.1.1.29
CGC1	null	contig1	prot1_3	4600	5500	+	null
CGC1	CAZyme	contig1	prot1_4	5800	6700	-	GH32
CGC1	TF	contig1	prot1_5	7000	7900	+	PfkB
CGC2	TF	contig1	prot2_0	8200	9100	-	GerE
CGC2	TF	contig1	prot2_1	9400	10300	+	FecR
CGC2	TC	contig1	prot2_2	10600	11500	-	1.B.14.6.1
CGC2	null	contig1	prot2_3	11800	12700	+	null
CGC2	CAZyme	contig1	prot2_4	13000	13900	-	GH92
CGC2	CAZyme	contig1	prot2_5	14200	15100	+	GH92
CGC2	CAZyme	contig1	prot2_6	15400	16300	-	GH28
CGC3	null	contig1	prot3_0	16600	17500	-	null
CGC3	TC	contig1	prot3_1	17800	18700	+	9.B.14.1.10
CGC3	CAZyme	contig1	prot3_2	19000	19900	-	GH99
CGC3	null	contig1	prot3_3	20200	21100	+	null
CGC3	null	contig1	prot3_4	21400	22300	-	null
CGC3	null	contig1	prot3_5	22600	23500	+	null
CGC3	CAZyme	contig1	prot3_6	23800	24700	-	GH92
CGC3	null	contig1	prot3_7	25000	25900	+	null
CGC3	null	contig1	prot3_8	26200	27100	-	null
CGC3	null	contig1	prot3_9	27400	28300	+	null
CGC3	TC	contig1	prot3_10	28600	29500	-	1.B.14.6.2
CGC3	null	contig1	prot3_11	29800	30700	+	null
CGC4	TC	contig1	prot4_0	31000	31900	-	1.A.23
CGC4	null	contig1	prot4_1	32200	33100	+	null
CGC4	CAZyme	contig1	prot4_2	33400	34300	-	GH29|CBM32
CGC4	CAZyme	contig1	prot4_3	34600	35500	+	GH2
CGC4	CAZyme	contig1	prot4_4	35800	36700	-	GH20
CGC4	null	contig1	prot4_5	37000	37900	+	null
CGC4	null	contig1	prot4_6	38200	39100	-	null
CGC4	null	contig1	prot4_7	39400	40300	+	null
CGC4	TC	contig1	prot4_8	40600	41500	-	1.B.14
CGC4	CAZyme	contig1	prot4_9	41800	42700	+	GH18
CGC4	null	contig1	prot4_10	43000	43900	-	null
CGC4	null	contig1	prot4_11	44200	45100	+	null
CGC4	TF	contig1	prot4_12	45400	46300	-	HTH_AraC
CGC4	null	contig1	prot4_13	46600	47500	+	null
CGC5	CAZyme	contig1	prot5_0	47800	48700	-	GH4
CGC5	TC	contig1	prot5_1	49000	49900	+	4.A.3.2.6
CGC5	TC	contig1	prot5_2	50200	51100	-	4.A.3.2.6
CGC5	TC	contig1	prot5_3	51400	52300	+	4.A.3.2.6
CGC5	CAZyme	contig1	prot5_4	52600	53500	-	CE4|CBM12|CBM12
CGC6	TC	contig1	prot6_0	53800	54700	-	2.A.3.1.3
CGC6	CAZyme	contig1	prot6_1	55000	55900	+	GH43_22|GH43_34
CGC6	CAZyme	contig1	prot6_2	56200	57100	-	GH43_22|GH43_26
CGC6	CAZyme	contig1	prot6_3	57400	58300	+	GH43_27
CGC6	CAZyme	contig1	prot6_4	58600	59500	-	GH43_22
CGC6	CAZyme	contig1	prot6_5	59800	60700	+	GH43_22
CGC6	TC	contig1	prot6_6	61000	61900	-	9.B.28.1.3
CGC7	TC	contig1	prot7_0	62200	63100	-	1.B.14.6.1
CGC7	null	contig1	prot7_1	63400	64300	+	null
CGC7	null	contig1	prot7_2	64600	65500	-	null
CGC7	CAZyme	contig1	prot7_3	65800	66700	+	GH16_16
CGC8	TC	contig1	prot8_0	67000	67900	-	2.A.2
CGC8	CAZyme	contig1	prot8_1	68200	69100	+	GH2
CGC8	TF	contig1	prot8_2	69400	70300	-	LacI
CGC8	TF	contig1	prot8_3	70600	71500	+	HTH_AraC+HTH_AraC+HTH_AraC
CGC9	CAZyme	contig1	prot9_0	71800	72700	-	GH35
CGC9	CAZyme	contig1	prot9_1	73000	73900	+	GH43_19
CGC9	CAZyme	contig1	prot9_2	74200	75100	-	GH51_2
CGC10	TF	contig1	prot10_0	75400	76300	-	HTH_AraC+HTH_AraC
CGC10	TC	contig1	prot10_1	76600	77500	+	1.B.14.6.1
CGC10	TF	contig1	prot10_2	77800	78700	-	TPR_1
CGC10	CAZyme	contig1	prot10_3	79000	79900	+	PL33_1
CGC10	CAZyme	contig1	prot10_4	80200	81100	-	GH88
CGC10	null	contig1	prot10_5	81400	82300	+	null
CGC10	CAZyme	contig1	prot10_6	82600	83500	-	GH20
CGC10	CAZyme	contig1	prot10_7	83800	84700	+	GH2
CGC10	CAZyme	contig1	prot10_8	85000	85900	-	GH154
CGC11	CAZyme	contig2	prot11_0	86200	87100	-	GH4
CGC11	TF	contig2	prot11_1	87400	88300	+	HTH_AraC+HTH_AraC
CGC11	TC	contig2	prot11_2	88600	89500	-	4.A.3.2.7
CGC11	TC	contig2	prot11_3	89800	90700	+	4.A.3.2.1
CGC11	TC	contig2	prot11_4	91000	91900	-	4.A.3.2.1
CGC11	null	contig2	prot11_5	92200	93100	+	null
CGC11	null	contig2	prot11_6	93400	94300	-	null
CGC12	CAZyme	contig2	prot12_0	94600	95500	-	CE4
CGC12	TC	contig2	prot12_1	95800	96700	+	4.A.3.2.6
CGC12	TC	contig2	prot12_2	97000	97900	-	4.A.3.2.6
CGC12	TC	contig2	prot12_3	98200	99100	+	4.A.3.2.6
CGC12	CAZyme	contig2	prot12_4	99400	100300	-	GH4
CGC13	CAZyme	contig2	prot13_0	100600	101500	-	GH13_10
CGC13	null	contig2	prot13_1	101800	102700	+	null
CGC13	null	contig2	prot13_2	103000	103900	-	null
CGC13	TC	contig2	prot13_3	104200	105100	+	8.A.46.1.1
CGC13	TC	contig2	prot13_4	105400	106300	-	1.B.14.6.1
CGC13	CAZyme	contig2	prot13_5	106600	107500	+	GH97
CGC13	CAZyme	contig2	prot13_6	107800	108700	-	GH13_46
CGC14	CAZyme	contig2	prot14_0	109000	109900	-	GH32
CGC14	null	contig2	prot14_1	110200	111100	+	null
CGC14	TC	contig2	prot14_2	111400	112300	-	1.B.14.6.1
CGC14	null	contig2	prot14_3	112600	113500	+	null
CGC14	null	contig2	prot14_4	113800	114700	-	null
CGC14	CAZyme	contig2	prot14_5	115000	115900	+	GH32
CGC14	CAZyme	contig2	prot14_6	116200	117100	-	GH32
CGC14	TC	contig2	prot14_7	117400	118300	+	2.A.1.7.17
CGC14	TF	contig2	prot14_8	118600	119500	-	0039384
CGC14	TF	contig2	prot14_9	119800	120700	+	HTH_AraC
CGC15	TF	contig2	prot15_0	121000	121900	-	LacI
CGC15	TC	contig2	prot15_1	122200	123100	+	2.A.1.5.3
CGC15	CAZyme	contig2	prot15_2	123400	124300	-	GH32
CGC16	TF	contig2	prot16_0	124600	125500	-	LacI
CGC16	TC	contig2	prot16_1	125800	126700	+	2.A.2
CGC16	CAZyme	contig2	prot16_2	127000	127900	-	GH2
CGC17	TF	contig2	prot17_0	128200	129100	-	GerE
CGC17	TC	contig2	prot17_1	129400	130300	+	1.B.14.6.1
CGC17	null	contig2	prot17_2	130600	131500	-	null
CGC17	TF	contig2	prot17_3	131800	132700	+	Y_Y_Y
CGC17	CAZyme	contig2	prot17_4	133000	133900	-	GH16_3
CGC17	CAZyme	contig2	prot17_5	134200	135100	+	GH158
CGC17	CAZyme	contig2	prot17_6	135400	136300	-	GH3
CGC18	CAZyme	contig2	prot18_0	136600	137500	-	GH30_3
CGC18	null	contig2	prot18_1	137800	138700	+	null
CGC18	TC	contig2	prot18_2	139000	139900	-	1.B.14.6.1
CGC18	null	contig2	prot18_3	140200	141100	+	null
CGC18	CAZyme	contig2	prot18_4	141400	142300	-	GH2|CBM57
CGC18	CAZyme	contig2	prot18_5	142600	143500	+	PL38|GH88
CGC19	null	contig2	prot19_0	143800	144700	-	null
CGC19	null	contig2	prot19_1	145000	145900	+	null
CGC19	CAZyme	contig2	prot19_2	146200	147100	-	CE1
CGC19	null	contig2	prot19_3	147400	148300	+	null
CGC19	null	contig2	prot19_4	148600	149500	-	null
CGC19	null	contig2	prot19_5	149800	150700	+	null
CGC19	TC	contig2	prot19_6	151000	151900	-	8.A.46.1.4
CGC19	TC	contig2	prot19_7	152200	153100	+	1.B.14.6.1
CGC20	null	contig2	prot20_0	153400	154300	-	null
CGC20	null	contig2	prot20_1	154600	155500	+	null
CGC20	null	contig2	prot20_2	155800	156700	-	null
CGC20	TF	contig2	prot20_3	157000	157900	+	HTH_8
CGC20	TF	contig2	prot20_4	158200	159100	-	HisKA+HATPase_c+Response_reg
CGC20	CAZyme	contig2	prot20_5	159400	160300	+	GH97
CGC20	null	contig2	prot20_6	160600	161500	-	null
CGC20	CAZyme	contig2	prot20_7	161800	162700	+	GH67
CGC20	CAZyme	contig2	prot20_8	163000	163900	-	GH76
CGC20	null	contig2	prot20_9	164200	165100	+	null
CGC20	null	contig2	prot20_10	165400	166300	-	null
CGC20	TC	contig2	prot20_11	166600	167500	+	1.B.14
CGC20	null	contig2	prot20_12	167800	168700	-	null
CGC20	TF	contig2	prot20_13	169000	169900	+	HTH_AraC
CGC20	CAZyme	contig2	prot20_14	170200	171100	-	GH92
CGC20	null	contig2	prot20_15	171400	172300	+	null
CGC20	CAZyme	contig2	prot20_16	172600	173500	-	GH76
CGC20	CAZyme	contig2	prot20_17	173800	174700	+	GH125
CGC20	null	contig2	prot20_18	175000	175900	-	null
CGC21	CAZyme	contig3	prot21_0	176200	177100	-	GH106
CGC21	CAZyme	contig3	prot21_1	177400	178300	+	GH28
CGC21	null	contig3	prot21_2	178600	179500	-	null
CGC21	CAZyme	contig3	prot21_3	179800	180700	+	GH28
CGC21	CAZyme	contig3	prot21_4	181000	181900	-	CE12
CGC21	CAZyme	contig3	prot21_5	182200	183100	+	GH2
CGC21	CAZyme	contig3	prot21_6	183400	184300	-	GH42
CGC21	CAZyme	contig3	prot21_7	184600	185500	+	GH28
CGC21	null	contig3	prot21_8	185800	186700	-	null
CGC21	null	contig3	prot21_9	187000	187900	+	null
CGC21	TC	contig3	prot21_10	188200	189100	-	1.B.14.6.1
CGC21	null	contig3	prot21_11	189400	190300	+	null
CGC21	null	contig3	prot21_12	190600	191500	-	null
CGC21	TC	contig3	prot21_13	191800	192700	+	1.B.14.6.1
CGC21	null	contig3	prot21_14	193000	193900	-	null
CGC21	TC	contig3	prot21_15	194200	195100	+	1.B.14.6.1
CGC21	null	contig3	prot21_16	195400	196300	-	null
CGC21	CAZyme	contig3	prot21_17	196600	197500	+	PL11
CGC21	CAZyme	contig3	prot21_18	197800	198700	-	PL26
CGC21	CAZyme	contig3	prot21_19	199000	199900	+	CE12|CE12
CGC21	CAZyme	contig3	prot21_20	200200	201100	-	GH105
CGC21	CAZyme	contig3	prot21_21	201400	202300	+	PL11_1
CGC21	CAZyme	contig3	prot21_22	202600	203500	-	GH105
CGC21	null	contig3	prot21_23	203800	204700	+	null
CGC21	TF	contig3	prot21_24	205000	205900	-	HTH_AraC+HTH_AraC
CGC22	TC	contig3	prot22_0	206200	207100	-	1.B.14
CGC22	null	contig3	prot22_1	207400	208300	+	null
CGC22	CAZyme	contig3	prot22_2	208600	209500	-	PL1_2
CGC22	null	contig3	prot22_3	209800	210700	+	null
CGC22	CAZyme	contig3	prot22_4	211000	211900	-	GH43_18
CGC22	CAZyme	contig3	prot22_5	212200	213100	+	GH143|GH142
CGC22	CAZyme	contig3	prot22_6	213400	214300	-	CBM67|GH78
CGC23	null	contig3	prot23_0	214600	215500	-	null
CGC23	null	contig3	prot23_1	215800	216700	+	null
CGC23	TC	contig3	prot23_2	217000	217900	-	2.A.1.14.25
CGC23	CAZyme	contig3	prot23_3	218200	219100	+	PL17_2|PL17
CGC23	null	contig3	prot23_4	219400	220300	-	null
CGC23	TF	contig3	prot23_5	220600	221500	+	GntR
CGC23	null	contig3	prot23_6	221800	222700	-	null
CGC24	CAZyme	contig3	prot24_0	223000	223900	-	GH4
CGC24	TF	contig3	prot24_1	224200	225100	+	HTH_AraC+HTH_AraC
CGC24	TC	contig3	prot24_2	225400	226300	-	4.A.3.2.7
CGC24	TC	contig3	prot24_3	226600	227500	+	4.A.3.2.7
CGC24	TC	contig3	prot24_4	227800	228700	-	4.A.3.2.7
CGC25	TC	contig3	prot25_0	229000	229900	-	1.B.14.12.2
CGC25	null	contig3	prot25_1	230200	231100	+	null
CGC25	null	contig3	prot25_2	231400	232300	-	null
CGC25	null	contig3	prot25_3	232600	233500	+	null
CGC25	null	contig3	prot25_4	233800	234700	-	null
CGC25	TF	contig3	prot25_5	235000	235900	+	PfkB
CGC25	TC	contig3	prot25_6	236200	237100	-	2.A.1.14.25
CGC25	null	contig3	prot25_7	237400	238300	+	null
CGC25	CAZyme	contig3	prot25_8	238600	239500	-	PL17_2|PL17
CGC25	CAZyme	contig3	prot25_9	239800	240700	+	PL6|PL6_1
CGC25	null	contig3	prot25_10	241000	241900	-	null
CGC26	null	contig3	prot26_0	242200	243100	-	null
CGC26	CAZyme	contig3	prot26_1	243400	244300	+	GH18
CGC26	TC	contig3	prot26_2	244600	245500	-	8.A.46.2.1
CGC26	TC	contig3	prot26_3	245800	246700	+	1.B.14.6.13
CGC26	TF	contig3	prot26_4	247000	247900	-	gnl
CGC26	TC	contig3	prot26_5	248200	249100	+	1.B.14.6.13
CGC26	TF	contig3	prot26_6	249400	250300	-	gnl
CGC26	TF	contig3	prot26_7	250600	251500	+	FecR
CGC26	TF	contig3	prot26_8	251800	252700	-	GerE
CGC27	null	contig3	prot27_0	253000	253900	-	null
CGC27	TC	contig3	prot27_1	254200	255100	+	2.A.1
CGC27	TF	contig3	prot27_2	255400	256300	-	HTH_AraC+HTH_AraC
CGC27	TC	contig3	prot27_3	256600	257500	+	1.B.14
CGC27	null	contig3	prot27_4	257800	258700	-	null
CGC27	TC	contig3	prot27_5	259000	259900	+	1.B.14
CGC27	CAZyme	contig3	prot27_6	260200	261100	-	GH43_10
CGC27	TF	contig3	prot27_7	261400	262300	+	HTH_AraC+HTH_AraC
CGC27	CAZyme	contig3	prot27_8	262600	263500	-	GH43_1
CGC27	CAZyme	contig3	prot27_9	263800	264700	+	GH10
CGC27	TC	contig3	prot27_10	265000	265900	-	2.A.2
CGC27	null	contig3	prot27_11	266200	267100	+	null
CGC27	CAZyme	contig3	prot27_12	267400	268300	-	GH67
CGC28	TC	contig3	prot28_0	268600	269500	-	2.A.3.11.1
CGC28	CAZyme	contig3	prot28_1	269800	270700	+	GH32
CGC28	CAZyme	contig3	prot28_2	271000	271900	-	GH68_1
CGC29	TF	contig3	prot29_0	272200	273100	-	LacI
CGC29	TF	contig3	prot29_1	273400	274300	+	SBP_bac_1
CGC29	TC	contig3	prot29_2	274600	275500	-	3.A.1
CGC29	TC	contig3	prot29_3	275800	276700	+	3.A.1
CGC29	CAZyme	contig3	prot29_4	277000	277900	-	GH36
CGC29	TF	contig3	prot29_5	278200	279100	+	-
CGC29	null	contig3	prot29_6	279400	280300	-	null
CGC30	CAZyme	contig3	prot30_0	280600	281500	-	GH30_1
CGC30	CAZyme	contig3	prot30_1	281800	282700	+	GH42
CGC30	TC	contig3	prot30_2	283000	283900	-	2.A.1.2.93
CGC30	TF	contig3	prot30_3	284200	285100	+	0043143
CGC31	CAZyme	contig4	prot31_0	285400	286300	-	GH38
CGC31	CAZyme	contig4	prot31_1	286600	287500	+	GH125
CGC31	TF	contig4	prot31_2	287800	288700	-	GntR
CGC31	CAZyme	contig4	prot31_3	289000	289900	+	GH84
CGC31	CAZyme	contig4	prot31_4	290200	291100	-	GH1
CGC31	null	contig4	prot31_5	291400	292300	+	null
CGC31	TC	contig4	prot31_6	292600	293500	-	3.A.1.1.9
CGC31	TC	contig4	prot31_7	293800	294700	+	3.A.1.1.29
CGC32	TF	contig4	prot32_0	295000	295900	-	GntR
CGC32	CAZyme	contig4	prot32_1	296200	297100	+	CBM32|PL7_5
CGC32	TC	contig4	prot32_2	297400	298300	-	1.B.14.12.1
CGC32	CAZyme	contig4	prot32_3	298600	299500	+	PL6_3
CGC32	CAZyme	contig4	prot32_4	299800	300700	-	PL7_5
CGC32	TC	contig4	prot32_5	301000	301900	+	2.A.1.14.25
CGC32	CAZyme	contig4	prot32_6	302200	303100	-	PL6|PL6_1
CGC32	null	contig4	prot32_7	303400	304300	+	null
CGC32	null	contig4	prot32_8	304600	305500	-	null
CGC32	null	contig4	prot32_9	305800	306700	+	null
CGC32	TC	contig4	prot32_10	307000	307900	-	2.A.1.14.25
CGC33	TF	contig4	prot33_0	308200	309100	-	SBP_bac_1
CGC33	TC	contig4	prot33_1	309400	310300	+	3.A.1.1.48
CGC33	TC	contig4	prot33_2	310600	311500	-	3.A.1.1.48
CGC33	CAZyme	contig4	prot33_3	311800	312700	+	GH42
CGC33	TF	contig4	prot33_4	313000	313900	-	LacI
CGC33	CAZyme	contig4	prot33_5	314200	315100	+	GH53|CBM61
CGC34	null	contig4	prot34_0	315400	316300	-	null
CGC34	null	contig4	prot34_1	316600	317500	+	null
CGC34	TC	contig4	prot34_2	317800	318700	-	1.B.14
CGC34	CAZyme	contig4	prot34_3	319000	319900	+	GH5_4
CGC34	TF	contig4	prot34_4	320200	321100	-	HTH_AraC+HTH_AraC
CGC34	CAZyme	contig4	prot34_5	321400	322300	+	GH36
CGC34	null	contig4	prot34_6	322600	323500	-	null
CGC35	TF	contig4	prot35_0	323800	324700	-	SBP_bac_1
CGC35	TC	contig4	prot35_1	325000	325900	+	3.A.1
CGC35	TC	contig4	prot35_2	326200	327100	-	3.A.1
CGC35	CAZyme	contig4	prot35_3	327400	328300	+	GH13_36
CGC36	CAZyme	contig4	prot36_0	328600	329500	-	GH51_1
CGC36	TC	contig4	prot36_1	329800	330700	+	3.A.1.1.34
CGC36	TC	contig4	prot36_2	331000	331900	-	3.A.1.1.34
CGC36	TC	contig4	prot36_3	332200	333100	+	3.A.1.1.34
CGC36	null	contig4	prot36_4	333400	334300	-	null
CGC36	null	contig4	prot36_5	334600	335500	+	null
CGC36	null	contig4	prot36_6	335800	336700	-	null
CGC37	CAZyme	contig4	prot37_0	337000	337900	-	GH4
CGC37	TF	contig4	prot37_1	338200	339100	+	HTH_AraC+HTH_AraC
CGC37	TC	contig4	prot37_2	339400	340300	-	4.A.3.2.1
CGC37	TC	contig4	prot37_3	340600	341500	+	4.A.3.2.1
CGC37	TC	contig4	prot37_4	341800	342700	-	4.A.3.2.1
CGC38	CAZyme	contig4	prot38_0	343000	343900	-	GH10|CE1
CGC38	CAZyme	contig4	prot38_1	344200	345100	+	GH95
CGC38	CAZyme	contig4	prot38_2	345400	346300	-	GH3
CGC38	TF	contig4	prot38_3	346600	347500	+	SBP_bac_1
CGC38	TF	contig4	prot38_4	347800	348700	-	HTH_AraC+HTH_AraC
CGC39	null	contig4	prot39_0	349000	349900	-	null
CGC39	null	contig4	prot39_1	350200	351100	+	null
CGC39	CAZyme	contig4	prot39_2	351400	352300	-	GH36
CGC39	TC	contig4	prot39_3	352600	353500	+	9.B.28.1.2
CGC39	CAZyme	contig4	prot39_4	353800	354700	-	GH130_1
CGC39	null	contig4	prot39_5	355000	355900	+	null
CGC39	CAZyme	contig4	prot39_6	356200	357100	-	GH130_2
CGC39	TC	contig4	prot39_7	357400	358300	+	3.A.1.1.34
CGC39	TC	contig4	prot39_8	358600	359500	-	3.A.1.1.46
CGC39	TF	contig4	prot39_9	359800	360700	+	SBP_bac_1
CGC39	TF	contig4	prot39_10	361000	361900	-	LacI
CGC40	CAZyme	contig4	prot40_0	362200	363100	-	GH30
CGC40	CAZyme	contig4	prot40_1	363400	364300	+	GH9
CGC40	null	contig4	prot40_2	364600	365500	-	null
CGC40	CAZyme	contig4	prot40_3	365800	366700	+	GH27
CGC40	null	contig4	prot40_4	367000	367900	-	null
CGC40	null	contig4	prot40_5	368200	369100	+	null
CGC40	TC	contig4	prot40_6	369400	370300	-	8.A.46.3.2
CGC40	TC	contig4	prot40_7	370600	371500	+	1.B.14.6.1
CGC40	CAZyme	contig4	prot40_8	371800	372700	-	GH5_2
CGC40	TF	contig4	prot40_9	373000	373900	+	HTH_AraC+HTH_AraC
CGC40	CAZyme	contig4	prot40_10	374200	375100	-	GH26
CGC40	TC	contig4	prot40_11	375400	376300	+	2.A.21.3.8
CGC40	CAZyme	contig4	prot40_12	376600	377500	-	GH130_1
CGC40	null	contig4	prot40_13	377800	378700	+	null
CGC40	CAZyme	contig4	prot40_14	379000	379900	-	GH26
CGC40	CAZyme	contig4	prot40_15	380200	381100	+	CE20
CGC41	TF	contig5	prot41_0	381400	382300	-	HTH_AraC+HTH_AraC
CGC41	TC	contig5	prot41_1	382600	383500	+	1.B.14.6.1
CGC41	null	contig5	prot41_2	383800	384700	-	null
CGC41	CAZyme	contig5	prot41_3	385000	385900	+	GH26
CGC41	CAZyme	contig5	prot41_4	386200	387100	-	GH26
CGC41	CAZyme	contig5	prot41_5	387400	388300	+	GH36
CGC41	CAZyme	contig5	prot41_6	388600	389500	-	GH130_1
CGC41	TC	contig5	prot41_7	389800	390700	+	2.A.2.3.6
CGC41	null	contig5	prot41_8	391000	391900	-	null
CGC41	null	contig5	prot41_9	392200	393100	+	null
CGC41	null	contig5	prot41_10	393400	394300	-	null
CGC42	CAZyme	contig5	prot42_0	394600	395500	-	GH20
CGC42	CAZyme	contig5	prot42_1	395800	396700	+	GH2
CGC42	CAZyme	contig5	prot42_2	397000	397900	-	CE3|CE20
CGC42	CAZyme	contig5	prot42_3	398200	399100	+	CE3
CGC42	CAZyme	contig5	prot42_4	399400	400300	-	GH20
CGC42	CAZyme	contig5	prot42_5	400600	401500	+	CBM93|GH33
CGC42	TC	contig5	prot42_6	401800	402700	-	8.A.46.1.4
CGC42	TC	contig5	prot42_7	403000	403900	+	1.B.14.6.1
CGC42	null	contig5	prot42_8	404200	405100	-	null
CGC43	CAZyme	contig5	prot43_0	405400	406300	-	GH38
CGC43	CAZyme	contig5	prot43_1	406600	407500	+	GH125
CGC43	TF	contig5	prot43_2	407800	408700	-	GntR
CGC43	CAZyme	contig5	prot43_3	409000	409900	+	GH84
CGC43	CAZyme	contig5	prot43_4	410200	411100	-	GH1
CGC43	TC	contig5	prot43_5	411400	412300	+	3.A.1.1.9
CGC43	TC	contig5	prot43_6	412600	413500	-	3.A.1.1.29
CGC44	CAZyme	contig5	prot44_0	413800	414700	-	GH3
CGC44	TC	contig5	prot44_1	415000	415900	+	3.A.1.1.2
CGC44	TC	contig5	prot44_2	416200	417100	-	3.A.1.1.21
CGC44	TC	contig5	prot44_3	417400	418300	+	3.A.1.1.21
CGC44	TF	contig5	prot44_4	418600	419500	-	LacI
CGC45	TF	contig5	prot45_0	419800	420700	-	GntR
CGC45	TC	contig5	prot45_1	421000	421900	+	4.A.3.2.9
CGC45	TC	contig5	prot45_2	422200	423100	-	4.A.3.2.7
CGC45	TC	contig5	prot45_3	423400	424300	+	4.A.3.2.9
CGC45	TC	contig5	prot45_4	424600	425500	-	1.B.3.1.3
CGC45	CAZyme	contig5	prot45_5	425800	426700	+	GH1
CGC46	null	contig5	prot46_0	427000	427900	-	null
CGC46	CAZyme	contig5	prot46_1	428200	429100	+	GH76
CGC46	null	contig5	prot46_2	429400	430300	-	null
CGC46	null	contig5	prot46_3	430600	431500	+	null
CGC46	null	contig5	prot46_4	431800	432700	-	null
CGC46	TC	contig5	prot46_5	433000	433900	+	1.B.14.6.1
CGC46	null	contig5	prot46_6	434200	435100	-	null
CGC46	TF	contig5	prot46_7	435400	436300	+	HTH_AraC
CGC46	CAZyme	contig5	prot46_8	436600	437500	-	GH92
CGC46	null	contig5	prot46_9	437800	438700	+	null
CGC46	CAZyme	contig5	prot46_10	439000	439900	-	GH76
CGC46	CAZyme	contig5	prot46_11	440200	441100	+	GH125
CGC46	CAZyme	contig5	prot46_12	441400	442300	-	GH130_3
CGC46	null	contig5	prot46_13	442600	443500	+	null
CGC46	null	contig5	prot46_14	443800	444700	-	null
CGC46	null	contig5	prot46_15	445000	445900	+	null
CGC46	CAZyme	contig5	prot46_16	446200	447100	-	GT32
CGC46	CAZyme	contig5	prot46_17	447400	448300	+	GT32
CGC47	CAZyme	contig5	prot47_0	448600	449500	-	GH115
CGC47	CAZyme	contig5	prot47_1	449800	450700	+	GH95
CGC47	TF	contig5	prot47_2	451000	451900	-	HTH_AraC
CGC47	CAZyme	contig5	prot47_3	452200	453100	+	GH43_29|CBM6
CGC47	CAZyme	contig5	prot47_4	453400	454300	-	CE6|CE1
CGC47	CAZyme	contig5	prot47_5	454600	455500	+	GH5_21
CGC47	null	contig5	prot47_6	455800	456700	-	null
CGC47	CAZyme	contig5	prot47_7	457000	457900	+	GH10
CGC47	null	contig5	prot47_8	458200	459100	-	null
CGC47	null	contig5	prot47_9	459400	460300	+	null
CGC47	null	contig5	prot47_10	460600	461500	-	null
CGC47	null	contig5	prot47_11	461800	462700	+	null
CGC47	TC	contig5	prot47_12	463000	463900	-	1.B.14.6.1
CGC47	CAZyme	contig5	prot47_13	464200	465100	+	GH43_12|CBM91
CGC47	CAZyme	contig5	prot47_14	465400	466300	-	GH43_29|CBM6
CGC47	CAZyme	contig5	prot47_15	466600	467500	+	GH97
CGC47	CAZyme	contig5	prot47_16	467800	468700	-	GH31_4
CGC47	CAZyme	contig5	prot47_17	469000	469900	+	GH43_12|CBM91
CGC47	CAZyme	contig5	prot47_18	470200	471100	-	GH3
CGC47	CAZyme	contig5	prot47_19	471400	472300	+	GH43_10|CBM91
CGC48	CAZyme	contig5	prot48_0	472600	473500	-	GH92
CGC48	CAZyme	contig5	prot48_1	473800	474700	+	GH38|CBM32
CGC48	CAZyme	contig5	prot48_2	475000	475900	-	GT32
CGC48	CAZyme	contig5	prot48_3	476200	477100	+	GT32
CGC48	null	contig5	prot48_4	477400	478300	-	null
CGC48	null	contig5	prot48_5	478600	479500	+	null
CGC48	null	contig5	prot48_6	479800	480700	-	null
CGC48	CAZyme	contig5	prot48_7	481000	481900	+	GH130
CGC48	CAZyme	contig5	prot48_8	482200	483100	-	GH125
CGC48	CAZyme	contig5	prot48_9	483400	484300	+	GH76
CGC48	null	contig5	prot48_10	484600	485500	-	null
CGC48	CAZyme	contig5	prot48_11	485800	486700	+	GH92
CGC48	null	contig5	prot48_12	487000	487900	-	null
CGC48	TF	contig5	prot48_13	488200	489100	+	HTH_AraC
CGC48	null	contig5	prot48_14	489400	490300	-	null
CGC48	TC	contig5	prot48_15	490600	491500	+	1.B.14
CGC48	null	contig5	prot48_16	491800	492700	-	null
CGC48	null	contig5	prot48_17	493000	493900	+	null
CGC48	null	contig5	prot48_18	494200	495100	-	null
CGC48	CAZyme	contig5	prot48_19	495400	496300	+	GH76
CGC49	null	contig5	prot49_0	496600	497500	-	null
CGC49	null	contig5	prot49_1	497800	498700	+	null
CGC49	null	contig5	prot49_2	499000	499900	-	null
CGC49	null	contig5	prot49_3	500200	501100	+	null
CGC49	null	contig5	prot49_4	501400	502300	-	null
CGC49	CAZyme	contig5	prot49_5	502600	503500	+	GH110
CGC49	CAZyme	contig5	prot49_6	503800	504700	-	GH110
CGC49	null	contig5	prot49_7	505000	505900	+	null
CGC49	null	contig5	prot49_8	506200	507100	-	null
CGC49	TC	contig5	prot49_9	507400	508300	+	1.B.14.6.1
CGC50	null	contig5	prot50_0	508600	509500	-	null
CGC50	TC	contig5	prot50_1	509800	510700	+	1.B.14
CGC50	null	contig5	prot50_2	511000	511900	-	null
CGC50	null	contig5	prot50_3	512200	513100	+	null
CGC50	TC	contig5	prot50_4	513400	514300	-	2.A.66
CGC50	CAZyme	contig5	prot50_5	514600	515500	+	GH28
CGC50	null	contig5	prot50_6	515800	516700	-	null
CGC51	CAZyme	contig6	prot51_0	517000	517900	-	GH4
CGC51	TC	contig6	prot51_1	518200	519100	+	4.A.3.2.7
CGC51	TC	contig6	prot51_2	519400	520300	-	4.A.3.2.7
CGC51	TC	contig6	prot51_3	520600	521500	+	4.A.3.2.7
CGC51	null	contig6	prot51_4	521800	522700	-	null
CGC51	null	contig6	prot51_5	523000	523900	+	null
CGC52	CAZyme	contig6	prot52_0	524200	525100	-	GH32
CGC52	CAZyme	contig6	prot52_1	525400	526300	+	GH32
CGC52	null	contig6	prot52_2	526600	527500	-	null
CGC52	null	contig6	prot52_3	527800	528700	+	null
CGC52	TC	contig6	prot52_4	529000	529900	-	1.B.14.6.1
CGC52	null	contig6	prot52_5	530200	531100	+	null
CGC52	CAZyme	contig6	prot52_6	531400	532300	-	GH32
CGC53	CAZyme	contig6	prot53_0	532600	533500	-	CE1
CGC53	null	contig6	prot53_1	533800	534700	+	null
CGC53	CAZyme	contig6	prot53_2	535000	535900	-	GH43_7|GH43_7
CGC53	TC	contig6	prot53_3	536200	537100	+	1.B.14
CGC53	null	contig6	prot53_4	537400	538300	-	null
CGC53	CAZyme	contig6	prot53_5	538600	539500	+	CE6|CE1
CGC53	CAZyme	contig6	prot53_6	539800	540700	-	CE1
CGC53	null	contig6	prot53_7	541000	541900	+	null
CGC53	CAZyme	contig6	prot53_8	542200	543100	-	GH43_17
CGC53	CAZyme	contig6	prot53_9	543400	544300	+	GH3
CGC53	CAZyme	contig6	prot53_10	544600	545500	-	GH43_2|CBM6
CGC53	TF	contig6	prot53_11	545800	546700	+	HTH_AraC+HTH_AraC
CGC54	CAZyme	contig6	prot54_0	547000	547900	-	GH105
CGC54	CAZyme	contig6	prot54_1	548200	549100	+	CE8
CGC54	CAZyme	contig6	prot54_2	549400	550300	-	CE12|CE8
CGC54	TF	contig6	prot54_3	550600	551500	+	HTH_AraC
CGC54	null	contig6	prot54_4	551800	552700	-	null
CGC54	null	contig6	prot54_5	553000	553900	+	null
CGC54	TC	contig6	prot54_6	554200	555100	-	1.B.14
CGC54	CAZyme	contig6	prot54_7	555400	556300	+	PL1_2
CGC54	CAZyme	contig6	prot54_8	556600	557500	-	PL1_2
CGC54	TC	contig6	prot54_9	557800	558700	+	9.B.116
CGC54	TF	contig6	prot54_10	559000	559900	-	LytTR
CGC54	CAZyme	contig6	prot54_11	560200	561100	+	PL1_2
CGC54	null	contig6	prot54_12	561400	562300	-	null
CGC54	TC	contig6	prot54_13	562600	563500	+	1.B.14
CGC54	null	contig6	prot54_14	563800	564700	-	null
CGC54	CAZyme	contig6	prot54_15	565000	565900	+	GH28
CGC54	TF	contig6	prot54_16	566200	567100	-	HTH_AraC+HTH_AraC
CGC55	TF	contig6	prot55_0	567400	568300	-	LacI
CGC55	TC	contig6	prot55_1	568600	569500	+	1.B.3
CGC55	CAZyme	contig6	prot55_2	569800	570700	-	GH42
CGC55	CAZyme	contig6	prot55_3	571000	571900	+	GH53
CGC55	TC	contig6	prot55_4	572200	573100	-	3.A.1
CGC55	TC	contig6	prot55_5	573400	574300	+	3.A.1
CGC55	TC	contig6	prot55_6	574600	575500	-	3.A.1
CGC55	TC	contig6	prot55_7	575800	576700	+	3.A.1
CGC55	null	contig6	prot55_8	577000	577900	-	null
CGC56	TF	contig6	prot56_0	578200	579100	-	GerE
CGC56	TC	contig6	prot56_1	579400	580300	+	1.B.14
CGC56	null	contig6	prot56_2	580600	581500	-	null
CGC56	null	contig6	prot56_3	581800	582700	+	null
CGC56	CAZyme	contig6	prot56_4	583000	583900	-	GH144
CGC56	CAZyme	contig6	prot56_5	584200	585100	+	GH144
CGC56	CAZyme	contig6	prot56_6	585400	586300	-	CE1
CGC56	CAZyme	contig6	prot56_7	586600	587500	+	GH3
CGC56	null	contig6	prot56_8	587800	588700	-	null
CGC56	TF	contig6	prot56_9	589000	589900	+	BLUF
CGC56	null	contig6	prot56_10	590200	591100	-	null
CGC56	null	contig6	prot56_11	591400	592300	+	null
CGC56	null	contig6	prot56_12	592600	593500	-	null
CGC56	null	contig6	prot56_13	593800	594700	+	null
CGC56	null	contig6	prot56_14	595000	595900	-	null
CGC56	null	contig6	prot56_15	596200	597100	+	null
CGC56	null	contig6	prot56_16	597400	598300	-	null
CGC56	CAZyme	contig6	prot56_17	598600	599500	+	PL6|PL6_1
CGC56	CAZyme	contig6	prot56_18	599800	600700	-	PL12
CGC56	CAZyme	contig6	prot56_19	601000	601900	+	PL6|PL6_1
CGC56	CAZyme	contig6	prot56_20	602200	603100	-	PL17_2|PL17
CGC56	TF	contig6	prot56_21	603400	604300	+	AraC_binding
CGC56	null	contig6	prot56_22	604600	605500	-	null
CGC56	null	contig6	prot56_23	605800	606700	+	null
CGC56	TC	contig6	prot56_24	607000	607900	-	1.B.14
CGC56	TC	contig6	prot56_25	608200	609100	+	8.A.46
CGC56	TF	contig6	prot56_26	609400	610300	-	GntR
CGC56	TC	contig6	prot56_27	610600	611500	+	2.A.1
CGC56	null	contig6	prot56_28	611800	612700	-	null
CGC56	TF	contig6	prot56_29	613000	613900	+	LacI
CGC56	TF	contig6	prot56_30	614200	615100	-	PfkB
CGC56	null	contig6	prot56_31	615400	616300	+	null
CGC56	null	contig6	prot56_32	616600	617500	-	null
CGC56	TF	contig6	prot56_33	617800	618700	+	TPR_2
CGC56	TF	contig6	prot56_34	619000	619900	-	Response_reg
CGC56	null	contig6	prot56_35	620200	621100	+	null
CGC56	null	contig6	prot56_36	621400	622300	-	null
CGC56	null	contig6	prot56_37	622600	623500	+	null
CGC57	TF	contig6	prot57_0	623800	624700	-	PfkB
CGC57	TF	contig6	prot57_1	625000	625900	+	AraC_binding
CGC57	null	contig6	prot57_2	626200	627100	-	null
CGC57	CAZyme	contig6	prot57_3	627400	628300	+	PL15_1
CGC57	TC	contig6	prot57_4	628600	629500	-	3.A.1
CGC57	TC	contig6	prot57_5	629800	630700	+	3.A.1
CGC57	TC	contig6	prot57_6	631000	631900	-	3.A.1
CGC57	null	contig6	prot57_7	632200	633100	+	null
CGC58	null	contig6	prot58_0	633400	634300	-	null
CGC58	TF	contig6	prot58_1	634600	635500	+	Sigma70_r2+Sigma70_r4_2
CGC58	CAZyme	contig6	prot58_2	635800	636700	-	PL29
CGC58	CAZyme	contig6	prot58_3	637000	637900	+	PL1_2
CGC58	TF	contig6	prot58_4	638200	639100	-	HTH_AraC
CGC58	CAZyme	contig6	prot58_5	639400	640300	+	GH2
CGC58	CAZyme	contig6	prot58_6	640600	641500	-	GH139
CGC58	CAZyme	contig6	prot58_7	641800	642700	+	CE20
CGC58	CAZyme	contig6	prot58_8	643000	643900	-	GH106
CGC58	null	contig6	prot58_9	644200	645100	+	null
CGC58	TC	contig6	prot58_10	645400	646300	-	3.A.3.4.1
CGC58	TF	contig6	prot58_11	646600	647500	+	HisKA+HATPase_c
CGC58	TF	contig6	prot58_12	647800	648700	-	Trans_reg_C
CGC58	CAZyme	contig6	prot58_13	649000	649900	+	GH2
CGC58	CAZyme	contig6	prot58_14	650200	651100	-	GH2
CGC58	TF	contig6	prot58_15	651400	652300	+	HisKA+HATPase_c
CGC58	TF	contig6	prot58_16	652600	653500	-	HTH_AraC
CGC58	CAZyme	contig6	prot58_17	653800	654700	+	GH137|GH2|CBM57|CBM97
CGC58	CAZyme	contig6	prot58_18	655000	655900	-	GH138
CGC58	TC	contig6	prot58_19	656200	657100	+	2.A.21.9.2
CGC58	null	contig6	prot58_20	657400	658300	-	null
CGC58	CAZyme	contig6	prot58_21	658600	659500	+	GH78
CGC58	CAZyme	contig6	prot58_22	659800	660700	-	GH141
CGC58	CAZyme	contig6	prot58_23	661000	661900	+	GH127
CGC58	null	contig6	prot58_24	662200	663100	-	null
CGC58	TF	contig6	prot58_25	663400	664300	+	Nitroreductase
CGC58	null	contig6	prot58_26	664600	665500	-	null
CGC58	null	contig6	prot58_27	665800	666700	+	null
CGC58	null	contig6	prot58_28	667000	667900	-	null
CGC58	CAZyme	contig6	prot58_29	668200	669100	+	GH95
CGC58	CAZyme	contig6	prot58_30	669400	670300	-	GH105
CGC58	CAZyme	contig6	prot58_31	670600	671500	+	GH140
CGC58	CAZyme	contig6	prot58_32	671800	672700	-	CBM67|GH78|GH33
CGC58	null	contig6	prot58_33	673000	673900	+	null
CGC58	null	contig6	prot58_34	674200	675100	-	null
CGC58	CAZyme	contig6	prot58_35	675400	676300	+	CE19
CGC58	CAZyme	contig6	prot58_36	676600	677500	-	GH28
CGC58	CAZyme	contig6	prot58_37	677800	678700	+	CBM67|GH78
CGC58	CAZyme	contig6	prot58_38	679000	679900	-	GH143|GH142
CGC58	CAZyme	contig6	prot58_39	680200	681100	+	GH43_18
CGC58	null	contig6	prot58_40	681400	682300	-	null
CGC58	CAZyme	contig6	prot58_41	682600	683500	+	PL1_2
CGC58	null	contig6	prot58_42	683800	684700	-	null
CGC58	TC	contig6	prot58_43	685000	685900	+	1.B.14.6.1
CGC58	null	contig6	prot58_44	686200	687100	-	null
CGC58	null	contig6	prot58_45	687400	688300	+	null
CGC58	TC	contig6	prot58_46	688600	689500	-	1.B.14.6.2
CGC58	null	contig6	prot58_47	689800	690700	+	null
CGC59	CAZyme	contig6	prot59_0	691000	691900	-	GH18
CGC59	CAZyme	contig6	prot59_1	692200	693100	+	GH18
CGC59	null	contig6	prot59_2	693400	694300	-	null
CGC59	null	contig6	prot59_3	694600	695500	+	null
CGC59	TC	contig6	prot59_4	695800	696700	-	8.A.46.2.2
CGC59	TC	contig6	prot59_5	697000	697900	+	1.B.14.6.13
CGC60	CAZyme	contig6	prot60_0	698200	699100	-	GH18|CBM5
CGC60	CAZyme	contig6	prot60_1	699400	700300	+	AA10|CBM5
CGC60	CAZyme	contig6	prot60_2	700600	701500	-	GH18
CGC61	CAZyme	contig7	prot61_0	701800	702700	-	GH51
CGC61	CAZyme	contig7	prot61_1	703000	703900	+	GH146
CGC61	null	contig7	prot61_2	704200	705100	-	null
CGC61	null	contig7	prot61_3	705400	706300	+	null
CGC61	null	contig7	prot61_4	706600	707500	-	null
CGC61	null	contig7	prot61_5	707800	708700	+	null
CGC61	TF	contig7	prot61_6	709000	709900	-	NUDIX
CGC61	TC	contig7	prot61_7	710200	711100	+	2.A.21
CGC61	null	contig7	prot61_8	711400	712300	-	null
CGC61	null	contig7	prot61_9	712600	713500	+	null
CGC61	null	contig7	prot61_10	713800	714700	-	null
CGC61	null	contig7	prot61_11	715000	715900	+	null
CGC61	CAZyme	contig7	prot61_12	716200	717100	-	GH43_4
CGC61	null	contig7	prot61_13	717400	718300	+	null
CGC61	TC	contig7	prot61_14	718600	719500	-	1.B.14
CGC61	null	contig7	prot61_15	719800	720700	+	null
CGC61	TC	contig7	prot61_16	721000	721900	-	1.B.14
CGC61	null	contig7	prot61_17	722200	723100	+	null
CGC61	TF	contig7	prot61_18	723400	724300	-	HTH_AraC+HTH_AraC
CGC61	CAZyme	contig7	prot61_19	724600	725500	+	GH43_4
CGC61	CAZyme	contig7	prot61_20	725800	726700	-	GH51
CGC61	CAZyme	contig7	prot61_21	727000	727900	+	GH43_29
CGC62	CAZyme	contig7	prot62_0	728200	729100	-	GH26
CGC62	null	contig7	prot62_1	729400	730300	+	null
CGC62	null	contig7	prot62_2	730600	731500	-	null
CGC62	TF	contig7	prot62_3	731800	732700	+	GntR
CGC62	CAZyme	contig7	prot62_4	733000	733900	-	GH1
CGC62	TC	contig7	prot62_5	734200	735100	+	4.A.3.2.8
CGC62	TC	contig7	prot62_6	735400	736300	-	4.A.3.2.8
CGC62	TC	contig7	prot62_7	736600	737500	+	4.A.3.2.6
CGC63	TF	contig7	prot63_0	737800	738700	-	PfkB
CGC63	TC	contig7	prot63_1	739000	739900	+	2.A.1.7.17
CGC63	CAZyme	contig7	prot63_2	740200	741100	-	GH32
CGC64	CAZyme	contig7	prot64_0	741400	742300	-	GH65
CGC64	null	contig7	prot64_1	742600	743500	+	null
CGC64	CAZyme	contig7	prot64_2	743800	744700	-	GH13
CGC64	null	contig7	prot64_3	745000	745900	+	null
CGC64	TC	contig7	prot64_4	746200	747100	-	8.A.46
CGC64	TC	contig7	prot64_5	747400	748300	+	1.B.14
CGC64	TF	contig7	prot64_6	748600	749500	-	LacI
CGC64	CAZyme	contig7	prot64_7	749800	750700	+	CBM32|CBM32
CGC65	null	contig7	prot65_0	751000	751900	-	null
CGC65	null	contig7	prot65_1	752200	753100	+	null
CGC65	null	contig7	prot65_2	753400	754300	-	null
CGC65	CAZyme	contig7	prot65_3	754600	755500	+	PL6|PL6_1
CGC65	CAZyme	contig7	prot65_4	755800	756700	-	PL17_2|PL17
CGC65	TF	contig7	prot65_5	757000	757900	+	AraC_binding
CGC65	TC	contig7	prot65_6	758200	759100	-	2.A.1.14.25
CGC65	TF	contig7	prot65_7	759400	760300	+	PfkB
CGC65	null	contig7	prot65_8	760600	761500	-	null
CGC65	TF	contig7	prot65_9	761800	762700	+	GntR
CGC65	CAZyme	contig7	prot65_10	763000	763900	-	CBM32|PL7_5
CGC65	TC	contig7	prot65_11	764200	765100	+	1.B.14.12.1
CGC65	CAZyme	contig7	prot65_12	765400	766300	-	PL6_3
CGC65	CAZyme	contig7	prot65_13	766600	767500	+	PL7_5
CGC66	CAZyme	contig7	prot66_0	767800	768700	-	GH2
CGC66	TC	contig7	prot66_1	769000	769900	+	2.A.21
CGC66	null	contig7	prot66_2	770200	771100	-	null
CGC66	null	contig7	prot66_3	771400	772300	+	null
CGC66	TC	contig7	prot66_4	772600	773500	-	3.D.1
CGC66	null	contig7	prot66_5	773800	774700	+	null
CGC66	CAZyme	contig7	prot66_6	775000	775900	-	GH96
CGC66	CAZyme	contig7	prot66_7	776200	777100	+	GH96
CGC66	null	contig7	prot66_8	777400	778300	-	null
CGC66	null	contig7	prot66_9	778600	779500	+	null
CGC66	TC	contig7	prot66_10	779800	780700	-	2.A.1
CGC66	CAZyme	contig7	prot66_11	781000	781900	+	GH50
CGC66	CAZyme	contig7	prot66_12	782200	783100	-	GH50
CGC66	null	contig7	prot66_13	783400	784300	+	null
CGC66	CAZyme	contig7	prot66_14	784600	785500	-	GH50
CGC66	CAZyme	contig7	prot66_15	785800	786700	+	GH29
CGC66	null	contig7	prot66_16	787000	787900	-	null
CGC66	TF	contig7	prot66_17	788200	789100	+	SBP_bac_1
CGC66	TF	contig7	prot66_18	789400	790300	-	TrmB
CGC66	null	contig7	prot66_19	790600	791500	+	null
CGC66	null	contig7	prot66_20	791800	792700	-	null
CGC66	null	contig7	prot66_21	793000	793900	+	null
CGC66	null	contig7	prot66_22	794200	795100	-	null
CGC66	null	contig7	prot66_23	795400	796300	+	null
CGC66	null	contig7	prot66_24	796600	797500	-	null
CGC66	null	contig7	prot66_25	797800	798700	+	null
CGC66	null	contig7	prot66_26	799000	799900	-	null
CGC66	null	contig7	prot66_27	800200	801100	+	null
CGC66	null	contig7	prot66_28	801400	802300	-	null
CGC66	null	contig7	prot66_29	802600	803500	+	null
CGC66	TC	contig7	prot66_30	803800	804700	-	1.B.14
CGC66	null	contig7	prot66_31	805000	805900	+	null
CGC66	TF	contig7	prot66_32	806200	807100	-	GntR
CGC66	CAZyme	contig7	prot66_33	807400	808300	+	GH50
CGC66	TC	contig7	prot66_34	808600	809500	-	1.B.14
CGC66	null	contig7	prot66_35	809800	810700	+	null
CGC66	null	contig7	prot66_36	811000	811900	-	null
CGC66	null	contig7	prot66_37	812200	813100	+	null
CGC66	CAZyme	contig7	prot66_38	813400	814300	-	GH86
CGC66	null	contig7	prot66_39	814600	815500	+	null
CGC66	TC	contig7	prot66_40	815800	816700	-	3.A.1
CGC66	TC	contig7	prot66_41	817000	817900	+	3.A.1
CGC66	TC	contig7	prot66_42	818200	819100	-	3.A.1
CGC66	TC	contig7	prot66_43	819400	820300	+	3.A.1
CGC66	null	contig7	prot66_44	820600	821500	-	null
CGC66	TF	contig7	prot66_45	821800	822700	+	PfkB
CGC66	CAZyme	contig7	prot66_46	823000	823900	-	GH117|GH117
CGC66	null	contig7	prot66_47	824200	825100	+	null
CGC66	null	contig7	prot66_48	825400	826300	-	null
CGC66	null	contig7	prot66_49	826600	827500	+	null
CGC66	null	contig7	prot66_50	827800	828700	-	null
CGC66	null	contig7	prot66_51	829000	829900	+	null
CGC66	null	contig7	prot66_52	830200	831100	-	null
CGC66	TF	contig7	prot66_53	831400	832300	+	Pyr_redox_2
CGC67	null	contig7	prot67_0	832600	833500	-	null
CGC67	CAZyme	contig7	prot67_1	833800	834700	+	GH26|GH5_4
CGC67	CAZyme	contig7	prot67_2	835000	835900	-	GH5_7
CGC67	null	contig7	prot67_3	836200	837100	+	null
CGC67	null	contig7	prot67_4	837400	838300	-	null
CGC67	null	contig7	prot67_5	838600	839500	+	null
CGC67	null	contig7	prot67_6	839800	840700	-	null
CGC67	TC	contig7	prot67_7	841000	841900	+	1.B.14
CGC67	TF	contig7	prot67_8	842200	843100	-	HTH_AraC+HTH_AraC
CGC67	null	contig7	prot67_9	843400	844300	+	null
CGC67	TC	contig7	prot67_10	844600	845500	-	2.A.2
CGC67	CAZyme	contig7	prot67_11	845800	846700	+	GH130
CGC67	CAZyme	contig7	prot67_12	847000	847900	-	GH26
CGC67	CAZyme	contig7	prot67_13	848200	849100	+	CE7
CGC67	null	contig7	prot67_14	849400	850300	-	null
CGC67	CAZyme	contig7	prot67_15	850600	851500	+	GH36
CGC67	CAZyme	contig7	prot67_16	851800	852700	-	GH3
CGC67	null	contig7	prot67_17	853000	853900	+	null
CGC68	null	contig7	prot68_0	854200	855100	-	null
CGC68	TC	contig7	prot68_1	855400	856300	+	2.A.2.2.1
CGC68	CAZyme	contig7	prot68_2	856600	857500	-	GH36
CGC68	null	contig7	prot68_3	857800	858700	+	null
CGC68	CAZyme	contig7	prot68_4	859000	859900	-	GH2
CGC69	TF	contig7	prot69_0	860200	861100	-	HTH_AraC+HTH_AraC
CGC69	TC	contig7	prot69_1	861400	862300	+	1.B.14.6.1
CGC69	null	contig7	prot69_2	862600	863500	-	null
CGC69	null	contig7	prot69_3	863800	864700	+	null
CGC69	CAZyme	contig7	prot69_4	865000	865900	-	GH10
CGC70	null	contig7	prot70_0	866200	867100	-	null
CGC70	null	contig7	prot70_1	867400	868300	+	null
CGC70	TC	contig7	prot70_2	868600	869500	-	1.B.14.6.1
CGC70	null	contig7	prot70_3	869800	870700	+	null
CGC70	null	contig7	prot70_4	871000	871900	-	null
CGC70	CAZyme	contig7	prot70_5	872200	873100	+	PL7
CGC70	CAZyme	contig7	prot70_6	873400	874300	-	PL7
CGC70	TF	contig7	prot70_7	874600	875500	+	GntR
CGC70	null	contig7	prot70_8	875800	876700	-	null
CGC71	CAZyme	contig8	prot71_0	877000	877900	-	GT5
CGC71	null	contig8	prot71_1	878200	879100	+	null
CGC71	null	contig8	prot71_2	879400	880300	-	null
CGC71	CAZyme	contig8	prot71_3	880600	881500	+	CBM48|GH13_9
CGC72	TC	contig8	prot72_0	881800	882700	-	1.B.14
CGC72	TC	contig8	prot72_1	883000	883900	+	8.A.46
CGC72	null	contig8	prot72_2	884200	885100	-	null
CGC72	null	contig8	prot72_3	885400	886300	+	null
CGC72	CAZyme	contig8	prot72_4	886600	887500	-	GH43_12
CGC72	null	contig8	prot72_5	887800	888700	+	null
CGC72	CAZyme	contig8	prot72_6	889000	889900	-	GH5_4
CGC72	TF	contig8	prot72_7	890200	891100	+	HTH_AraC+HTH_AraC
CGC72	CAZyme	contig8	prot72_8	891400	892300	-	GH31
CGC72	CAZyme	contig8	prot72_9	892600	893500	+	GH2
CGC72	CAZyme	contig8	prot72_10	893800	894700	-	GH3
CGC72	null	contig8	prot72_11	895000	895900	+	null
CGC72	CAZyme	contig8	prot72_12	896200	897100	-	GH95
CGC73	TF	contig8	prot73_0	897400	898300	-	HTH_AraC+HTH_AraC
CGC73	CAZyme	contig8	prot73_1	898600	899500	+	GH3
CGC73	CAZyme	contig8	prot73_2	899800	900700	-	GH95
CGC73	CAZyme	contig8	prot73_3	901000	901900	+	GH10|CE1
CGC74	CAZyme	contig8	prot74_0	902200	903100	-	GH4
CGC74	TC	contig8	prot74_1	903400	904300	+	4.A.3.2.1
CGC74	TC	contig8	prot74_2	904600	905500	-	4.A.3.2.7
CGC74	TC	contig8	prot74_3	905800	906700	+	4.A.3.2.7
CGC74	null	contig8	prot74_4	907000	907900	-	null
CGC74	null	contig8	prot74_5	908200	909100	+	null
CGC75	TF	contig8	prot75_0	909400	910300	-	PfkB
CGC75	CAZyme	contig8	prot75_1	910600	911500	+	GH36
CGC75	CAZyme	contig8	prot75_2	911800	912700	-	GH13_31
CGC75	TF	contig8	prot75_3	913000	913900	+	LacI
CGC75	CAZyme	contig8	prot75_4	914200	915100	-	GH32
CGC75	CAZyme	contig8	prot75_5	915400	916300	+	GH13_18
CGC75	TC	contig8	prot75_6	916600	917500	-	3.A.1.1.45
CGC75	TC	contig8	prot75_7	917800	918700	+	3.A.1.1.45
CGC75	null	contig8	prot75_8	919000	919900	-	null
CGC76	null	contig8	prot76_0	920200	921100	-	null
CGC76	null	contig8	prot76_1	921400	922300	+	null
CGC76	CAZyme	contig8	prot76_2	922600	923500	-	GH43_11
CGC76	TC	contig8	prot76_3	923800	924700	+	2.A.2
CGC76	TC	contig8	prot76_4	925000	925900	-	2.A.1
CGC76	null	contig8	prot76_5	926200	927100	+	null
CGC76	null	contig8	prot76_6	927400	928300	-	null
CGC77	null	contig8	prot77_0	928600	929500	-	null
CGC77	null	contig8	prot77_1	929800	930700	+	null
CGC77	null	contig8	prot77_2	931000	931900	-	null
CGC77	null	contig8	prot77_3	932200	933100	+	null
CGC77	null	contig8	prot77_4	933400	934300	-	null
CGC77	TC	contig8	prot77_5	934600	935500	+	3.A.1.1.34
CGC77	TC	contig8	prot77_6	935800	936700	-	3.A.1.1.34
CGC77	TC	contig8	prot77_7	937000	937900	+	3.A.1.1.34
CGC77	CAZyme	contig8	prot77_8	938200	939100	-	GH51_1
CGC78	null	contig8	prot78_0	939400	940300	-	null
CGC78	TC	contig8	prot78_1	940600	941500	+	1.B.14.6.1
CGC78	null	contig8	prot78_2	941800	942700	-	null
CGC78	null	contig8	prot78_3	943000	943900	+	null
CGC78	null	contig8	prot78_4	944200	945100	-	null
CGC78	CAZyme	contig8	prot78_5	945400	946300	+	GH92
CGC78	null	contig8	prot78_6	946600	947500	-	null
CGC78	null	contig8	prot78_7	947800	948700	+	null
CGC78	null	contig8	prot78_8	949000	949900	-	null
CGC78	CAZyme	contig8	prot78_9	950200	951100	+	GH99
CGC79	TF	contig8	prot79_0	951400	952300	-	LacI
CGC79	TC	contig8	prot79_1	952600	953500	+	3.A.1.1.10
CGC79	TC	contig8	prot79_2	953800	954700	-	3.A.1.1.29
CGC79	null	contig8	prot79_3	955000	955900	+	null
CGC79	CAZyme	contig8	prot79_4	956200	957100	-	GH32
CGC80	null	contig8	prot80_0	957400	958300	-	null
CGC80	TC	contig8	prot80_1	958600	959500	+	1.B.14
CGC80	null	contig8	prot80_2	959800	960700	-	null
CGC80	CAZyme	contig8	prot80_3	961000	961900	+	GH30_3
CGC80	null	contig8	prot80_4	962200	963100	-	null
CGC80	CAZyme	contig8	prot80_5	963400	964300	+	GH3
CGC81	TF	contig9	prot81_0	964600	965500	-	SBP_bac_1
CGC81	TC	contig9	prot81_1	965800	966700	+	3.A.1.1.37
CGC81	TC	contig9	prot81_2	967000	967900	-	3.A.1.1.24
CGC81	CAZyme	contig9	prot81_3	968200	969100	+	GH13_30
CGC81	CAZyme	contig9	prot81_4	969400	970300	-	GH36
CGC82	CAZyme	contig9	prot82_0	970600	971500	-	GH32
CGC82	TF	contig9	prot82_1	971800	972700	+	PfkB
CGC82	CAZyme	contig9	prot82_2	973000	973900	-	GH32
CGC83	CAZyme	contig9	prot83_0	974200	975100	-	CBM82|CBM83|GH13_41
CGC83	null	contig9	prot83_1	975400	976300	+	null
CGC83	TF	contig9	prot83_2	976600	977500	-	HTH_1
CGC83	TF	contig9	prot83_3	977800	978700	+	Pyr_redox_2
CGC84	CAZyme	contig9	prot84_0	979000	979900	-	GH95
CGC84	null	contig9	prot84_1	980200	981100	+	null
CGC84	CAZyme	contig9	prot84_2	981400	982300	-	GH140
CGC84	CAZyme	contig9	prot84_3	982600	983500	+	CBM67|GH78|GH33
CGC84	null	contig9	prot84_4	983800	984700	-	null
CGC84	null	contig9	prot84_5	985000	985900	+	null
CGC84	CAZyme	contig9	prot84_6	986200	987100	-	GH28
CGC84	CAZyme	contig9	prot84_7	987400	988300	+	CBM67|GH78
CGC84	CAZyme	contig9	prot84_8	988600	989500	-	GH43_18
CGC84	null	contig9	prot84_9	989800	990700	+	null
CGC84	CAZyme	contig9	prot84_10	991000	991900	-	PL1_2
CGC84	null	contig9	prot84_11	992200	993100	+	null
CGC84	null	contig9	prot84_12	993400	994300	-	null
CGC84	null	contig9	prot84_13	994600	995500	+	null
CGC84	TC	contig9	prot84_14	995800	996700	-	1.B.14
CGC84	null	contig9	prot84_15	997000	997900	+	null
CGC84	CAZyme	contig9	prot84_16	998200	999100	-	GH92
CGC85	TF	contig9	prot85_0	999400	1000300	-	HTH_AraC+HTH_AraC
CGC85	TF	contig9	prot85_1	1000600	1001500	+	SBP_bac_1
CGC85	CAZyme	contig9	prot85_2	1001800	1002700	-	GH3
CGC85	CAZyme	contig9	prot85_3	1003000	1003900	+	GH95
CGC85	CAZyme	contig9	prot85_4	1004200	1005100	-	GH10|CE1
CGC86	null	contig9	prot86_0	1005400	1006300	-	null
CGC86	TF	contig9	prot86_1	1006600	1007500	+	GntR
CGC86	TF	contig9	prot86_2	1007800	1008700	-	SIS+SIS
CGC86	CAZyme	contig9	prot86_3	1009000	1009900	+	CE9
CGC86	CAZyme	contig9	prot86_4	1010200	1011100	-	GH35
CGC86	TC	contig9	prot86_5	1011400	1012300	+	4.A.6.1.18
CGC86	TC	contig9	prot86_6	1012600	1013500	-	4.A.6.1.18
CGC86	TC	contig9	prot86_7	1013800	1014700	+	4.A.6.1.18
CGC86	TC	contig9	prot86_8	1015000	1015900	-	4.A.6.1.18
CGC87	null	contig9	prot87_0	1016200	1017100	-	null
CGC87	TC	contig9	prot87_1	1017400	1018300	+	9.B.154.1.2
CGC87	null	contig9	prot87_2	1018600	1019500	-	null
CGC87	null	contig9	prot87_3	1019800	1020700	+	null
CGC87	null	contig9	prot87_4	1021000	1021900	-	null
CGC87	TF	contig9	prot87_5	1022200	1023100	+	Peptidase_M23
CGC87	null	contig9	prot87_6	1023400	1024300	-	null
CGC87	null	contig9	prot87_7	1024600	1025500	+	null
CGC87	CAZyme	contig9	prot87_8	1025800	1026700	-	GH73
CGC87	null	contig9	prot87_9	1027000	1027900	+	null
CGC87	null	contig9	prot87_10	1028200	1029100	-	null
CGC88	CAZyme	contig9	prot88_0	1029400	1030300	-	GH2
CGC88	TC	contig9	prot88_1	1030600	1031500	+	2.A.21
CGC88	null	contig9	prot88_2	1031800	1032700	-	null
CGC88	null	contig9	prot88_3	1033000	1033900	+	null
CGC88	TC	contig9	prot88_4	1034200	1035100	-	3.D.1
CGC88	null	contig9	prot88_5	1035400	1036300	+	null
CGC88	CAZyme	contig9	prot88_6	1036600	1037500	-	GH96
CGC88	CAZyme	contig9	prot88_7	1037800	1038700	+	GH96
CGC88	null	contig9	prot88_8	1039000	1039900	-	null
CGC88	null	contig9	prot88_9	1040200	1041100	+	null
CGC88	TC	contig9	prot88_10	1041400	1042300	-	2.A.1
CGC88	CAZyme	contig9	prot88_11	1042600	1043500	+	GH50
CGC88	CAZyme	contig9	prot88_12	1043800	1044700	-	GH50
CGC88	null	contig9	prot88_13	1045000	1045900	+	null
CGC88	null	contig9	prot88_14	1046200	1047100	-	null
CGC88	CAZyme	contig9	prot88_15	1047400	1048300	+	GH29
CGC88	null	contig9	prot88_16	1048600	1049500	-	null
CGC88	TF	contig9	prot88_17	1049800	1050700	+	SBP_bac_1
CGC88	TF	contig9	prot88_18	1051000	1051900	-	TrmB
CGC88	null	contig9	prot88_19	1052200	1053100	+	null
CGC88	null	contig9	prot88_20	1053400	1054300	-	null
CGC88	null	contig9	prot88_21	1054600	1055500	+	null
CGC88	null	contig9	prot88_22	1055800	1056700	-	null
CGC88	null	contig9	prot88_23	1057000	1057900	+	null
CGC88	null	contig9	prot88_24	1058200	1059100	-	null
CGC88	null	contig9	prot88_25	1059400	1060300	+	null
CGC88	null	contig9	prot88_26	1060600	1061500	-	null
CGC88	null	contig9	prot88_27	1061800	1062700	+	null
CGC88	null	contig9	prot88_28	1063000	1063900	-	null
CGC88	null	contig9	prot88_29	1064200	1065100	+	null
CGC88	null	contig9	prot88_30	1065400	1066300	-	null
CGC88	TC	contig9	prot88_31	1066600	1067500	+	1.B.14
CGC88	null	contig9	prot88_32	1067800	1068700	-	null
CGC88	TF	contig9	prot88_33	1069000	1069900	+	GntR
CGC88	CAZyme	contig9	prot88_34	1070200	1071100	-	GH50
CGC88	TC	contig9	prot88_35	1071400	1072300	+	1.B.14
CGC88	null	contig9	prot88_36	1072600	1073500	-	null
CGC88	null	contig9	prot88_37	1073800	1074700	+	null
CGC88	null	contig9	prot88_38	1075000	1075900	-	null
CGC88	CAZyme	contig9	prot88_39	1076200	1077100	+	GH86
CGC88	null	contig9	prot88_40	1077400	1078300	-	null
CGC88	TC	contig9	prot88_41	1078600	1079500	+	3.A.1
CGC88	TC	contig9	prot88_42	1079800	1080700	-	3.A.1
CGC88	TC	contig9	prot88_43	1081000	1081900	+	3.A.1
CGC88	TC	contig9	prot88_44	1082200	1083100	-	3.A.1
CGC88	null	contig9	prot88_45	1083400	1084300	+	null
CGC88	TF	contig9	prot88_46	1084600	1085500	-	PfkB
CGC88	CAZyme	contig9	prot88_47	1085800	1086700	+	GH117|GH117
CGC89	TF	contig9	prot89_0	1087000	1087900	-	GntR
CGC89	CAZyme	contig9	prot89_1	1088200	1089100	+	PL7_5
CGC89	CAZyme	contig9	prot89_2	1089400	1090300	-	PL6|PL6_1
CGC89	CAZyme	contig9	prot89_3	1090600	1091500	+	PL17_2|PL17
CGC89	TF	contig9	prot89_4	1091800	1092700	-	AraC_binding
CGC89	TC	contig9	prot89_5	1093000	1093900	+	2.A.1.14.25
CGC89	null	contig9	prot89_6	1094200	1095100	-	null
CGC89	TF	contig9	prot89_7	1095400	1096300	+	PfkB
CGC89	null	contig9	prot89_8	1096600	1097500	-	null
CGC89	null	contig9	prot89_9	1097800	1098700	+	null
CGC89	null	contig9	prot89_10	1099000	1099900	-	null
CGC89	TF	contig9	prot89_11	1100200	1101100	+	SBP_bac_3
CGC89	CAZyme	contig9	prot89_12	1101400	1102300	-	PL6
CGC89	CAZyme	contig9	prot89_13	1102600	1103500	+	PL6
CGC89	null	contig9	prot89_14	1103800	1104700	-	null
CGC89	CAZyme	contig9	prot89_15	1105000	1105900	+	CBM16|CBM32|PL18
CGC90	TF	contig9	prot90_0	1106200	1107100	-	Pyr_redox_2
CGC90	CAZyme	contig9	prot90_1	1107400	1108300	+	CBM48|GH13_9
CGC90	null	contig9	prot90_2	1108600	1109500	-	null
CGC90	null	contig9	prot90_3	1109800	1110700	+	null
CGC90	CAZyme	contig9	prot90_4	1111000	1111900	-	GT5
CGC90	CAZyme	contig9	prot90_5	1112200	1113100	+	GT35
CGC90	CAZyme	contig9	prot90_6	1113400	1114300	-	GH13_39
CGC90	null	contig9	prot90_7	1114600	1115500	+	null
CGC90	null	contig9	prot90_8	1115800	1116700	-	null
CGC90	null	contig9	prot90_9	1117000	1117900	+	null
CGC91	CAZyme	contig10	prot91_0	1118200	1119100	-	GH43_29
CGC91	CAZyme	contig10	prot91_1	1119400	1120300	+	GH51_2
CGC91	CAZyme	contig10	prot91_2	1120600	1121500	-	GH43_4
CGC91	TF	contig10	prot91_3	1121800	1122700	+	HTH_AraC+HTH_AraC
CGC91	null	contig10	prot91_4	1123000	1123900	-	null
CGC91	TC	contig10	prot91_5	1124200	1125100	+	1.B.14.6.1
CGC91	null	contig10	prot91_6	1125400	1126300	-	null
CGC91	TC	contig10	prot91_7	1126600	1127500	+	1.B.14.6.1
CGC91	null	contig10	prot91_8	1127800	1128700	-	null
CGC91	CAZyme	contig10	prot91_9	1129000	1129900	+	GH43_4
CGC92	CAZyme	contig10	prot92_0	1130200	1131100	-	PL17_2|PL17
CGC92	CAZyme	contig10	prot92_1	1131400	1132300	+	PL6|PL6_1
CGC92	null	contig10	prot92_2	1132600	1133500	-	null
CGC92	TC	contig10	prot92_3	1133800	1134700	+	8.A.46
CGC92	TC	contig10	prot92_4	1135000	1135900	-	1.B.14
CGC92	null	contig10	prot92_5	1136200	1137100	+	null
CGC92	TF	contig10	prot92_6	1137400	1138300	-	GntR
CGC93	CAZyme	contig10	prot93_0	1138600	1139500	-	CE17|CBM35
CGC93	CAZyme	contig10	prot93_1	1139800	1140700	+	GH113
CGC93	CAZyme	contig10	prot93_2	1141000	1141900	-	CE2
CGC93	TF	contig10	prot93_3	1142200	1143100	+	LacI
CGC93	TF	contig10	prot93_4	1143400	1144300	-	SBP_bac_1
CGC93	TC	contig10	prot93_5	1144600	1145500	+	3.A.1.1.46
CGC93	TC	contig10	prot93_6	1145800	1146700	-	3.A.1.1.34
CGC93	CAZyme	contig10	prot93_7	1147000	1147900	+	GH130_2
CGC93	null	contig10	prot93_8	1148200	1149100	-	null
CGC93	CAZyme	contig10	prot93_9	1149400	1150300	+	GH130_1
CGC93	TC	contig10	prot93_10	1150600	1151500	-	9.B.28.1.2
CGC93	null	contig10	prot93_11	1151800	1152700	+	null
CGC93	null	contig10	prot93_12	1153000	1153900	-	null
CGC94	CAZyme	contig10	prot94_0	1154200	1155100	-	GH43_24|GH16
CGC94	CAZyme	contig10	prot94_1	1155400	1156300	+	GH16
CGC94	null	contig10	prot94_2	1156600	1157500	-	null
CGC94	null	contig10	prot94_3	1157800	1158700	+	null
CGC94	TC	contig10	prot94_4	1159000	1159900	-	1.B.14
CGC94	null	contig10	prot94_5	1160200	1161100	+	null
CGC94	TC	contig10	prot94_6	1161400	1162300	-	1.B.14
CGC94	null	contig10	prot94_7	1162600	1163500	+	null
CGC94	TF	contig10	prot94_8	1163800	1164700	-	HTH_AraC
CGC95	CAZyme	contig10	prot95_0	1165000	1165900	-	GH1
CGC95	TC	contig10	prot95_1	1166200	1167100	+	8.A.49
CGC95	null	contig10	prot95_2	1167400	1168300	-	null
CGC95	null	contig10	prot95_3	1168600	1169500	+	null
CGC95	CAZyme	contig10	prot95_4	1169800	1170700	-	CE2
CGC95	CAZyme	contig10	prot95_5	1171000	1171900	+	GH130
CGC95	CAZyme	contig10	prot95_6	1172200	1173100	-	GH130
CGC95	null	contig10	prot95_7	1173400	1174300	+	null
CGC95	TC	contig10	prot95_8	1174600	1175500	-	3.A.1
CGC95	TC	contig10	prot95_9	1175800	1176700	+	3.A.1
CGC95	TF	contig10	prot95_10	1177000	1177900	-	SBP_bac_1
CGC95	TF	contig10	prot95_11	1178200	1179100	+	LacI
CGC95	CAZyme	contig10	prot95_12	1179400	1180300	-	GH36
CGC95	null	contig10	prot95_13	1180600	1181500	+	null
CGC95	CAZyme	contig10	prot95_14	1181800	1182700	-	GH113
CGC96	null	contig10	prot96_0	1183000	1183900	-	null
CGC96	null	contig10	prot96_1	1184200	1185100	+	null
CGC96	CAZyme	contig10	prot96_2	1185400	1186300	-	CE1
CGC96	CAZyme	contig10	prot96_3	1186600	1187500	+	CE1
CGC96	null	contig10	prot96_4	1187800	1188700	-	null
CGC96	null	contig10	prot96_5	1189000	1189900	+	null
CGC96	null	contig10	prot96_6	1190200	1191100	-	null
CGC96	TC	contig10	prot96_7	1191400	1192300	+	1.B.14.6.1
CGC97	null	contig10	prot97_0	1192600	1193500	-	null
CGC97	TC	contig10	prot97_1	1193800	1194700	+	1.B.14.6.1
CGC97	null	contig10	prot97_2	1195000	1195900	-	null
CGC97	null	contig10	prot97_3	1196200	1197100	+	null
CGC97	null	contig10	prot97_4	1197400	1198300	-	null
CGC97	CAZyme	contig10	prot97_5	1198600	1199500	+	GH92
CGC97	null	contig10	prot97_6	1199800	1200700	-	null
CGC97	null	contig10	prot97_7	1201000	1201900	+	null
CGC97	null	contig10	prot97_8	1202200	1203100	-	null
CGC97	TC	contig10	prot97_9	1203400	1204300	+	9.B.14.1.10
CGC97	null	contig10	prot97_10	1204600	1205500	-	null
CGC98	CAZyme	contig10	prot98_0	1205800	1206700	-	GH92
CGC98	CAZyme	contig10	prot98_1	1207000	1207900	+	GH125
CGC98	CAZyme	contig10	prot98_2	1208200	1209100	-	GH38
CGC98	null	contig10	prot98_3	1209400	1210300	+	null
CGC98	CAZyme	contig10	prot98_4	1210600	1211500	-	GH20
CGC99	null	contig10	prot99_0	1211800	1212700	-	null
CGC99	TC	contig10	prot99_1	1213000	1213900	+	4.A.1
CGC99	null	contig10	prot99_2	1214200	1215100	-	null
CGC99	CAZyme	contig10	prot99_3	1215400	1216300	+	GH32
CGC99	TF	contig10	prot99_4	1216600	1217500	-	LacI
CGC100	CAZyme	contig10	prot100_0	1217800	1218700	-	GH146
CGC100	TC	contig10	prot100_1	1219000	1219900	+	1.B.14
CGC100	null	contig10	prot100_2	1220200	1221100	-	null
CGC100	null	contig10	prot100_3	1221400	1222300	+	null
CGC100	CAZyme	contig10	prot100_4	1222600	1223500	-	GH43_29
CGC100	CAZyme	contig10	prot100_5	1223800	1224700	+	GH121
CGC100	TC	contig10	prot100_6	1225000	1225900	-	1.B.14
CGC100	null	contig10	prot100_7	1226200	1227100	+	null
CGC100	null	contig10	prot100_8	1227400	1228300	-	null
